
> tutorconnect-frontend@1.0.0 build
> vite build

[36mvite v5.4.21 [32mbuilding for production...[36m[39m
transforming...
[32mΓ£ô[39m 915 modules transformed.
node.exe : [31mx[39m Build failed in 3.22s
At line:1 char:1
+ & "C:\Program Files\nodejs/node.exe" 
"C:\Program Files\nodejs/node_mo ...
+ ~~~~~~~~~~~~~~~~~~~~~~~~~~~~~~~~~~~~~~~~~~~~~~~
~~~~~~~~~~~~~~~~~~~~~~
    + CategoryInfo          : NotSpecified: ([3 
   1mx[39m Build failed in 3.22s:String) [], R  
  emoteException
    + FullyQualifiedErrorId : NativeCommandError
 
[31merror during build:
[31msrc/pages/admin/Users.jsx (5:37): 
"RiShieldOffLine" is not exported by 
"node_modules/react-icons/ri/index.mjs", 
imported by "src/pages/admin/Users.jsx".[31m
file: [36mC:/Users/Tech/Desktop/Internship/tutor
Connect/tu/tutorconnect/frontend/src/pages/admin/
Users.jsx:5:37[31m
[33m
3: import api from '../../utils/api';
4: import toast from 'react-hot-toast';
5: import { RiSearchLine, RiShieldLine, 
RiShieldOffLine } from 'react-icons/ri';
                                        ^
6: 
7: export default function AdminUsers() {
[31m
    at getRollupError (file:///C:/Users/Tech/Desk
top/Internship/tutorConnect/tu/tutorconnect/front
end/node_modules/rollup/dist/es/shared/parseAst.j
s:406:41)
    at error (file:///C:/Users/Tech/Desktop/Inter
nship/tutorConnect/tu/tutorconnect/frontend/node_
modules/rollup/dist/es/shared/parseAst.js:402:42)
    at Module.error (file:///C:/Users/Tech/Deskto
p/Internship/tutorConnect/tu/tutorconnect/fronten
d/node_modules/rollup/dist/es/shared/node-entry.j
s:17380:16)
    at Module.traceVariable (file:///C:/Users/Tec
h/Desktop/Internship/tutorConnect/tu/tutorconnect
/frontend/node_modules/rollup/dist/es/shared/node
-entry.js:17813:29)
    at ModuleScope.findVariable (file:///C:/Users
/Tech/Desktop/Internship/tutorConnect/tu/tutorcon
nect/frontend/node_modules/rollup/dist/es/shared/
node-entry.js:15403:39)
    at FunctionScope.findVariable (file:///C:/Use
rs/Tech/Desktop/Internship/tutorConnect/tu/tutorc
onnect/frontend/node_modules/rollup/dist/es/share
d/node-entry.js:5676:38)
    at FunctionBodyScope.findVariable (file:///C:
/Users/Tech/Desktop/Internship/tutorConnect/tu/tu
torconnect/frontend/node_modules/rollup/dist/es/s
hared/node-entry.js:5676:38)
    at ReturnValueScope.findVariable (file:///C:/
Users/Tech/Desktop/Internship/tutorConnect/tu/tut
orconnect/frontend/node_modules/rollup/dist/es/sh
ared/node-entry.js:5676:38)
    at FunctionBodyScope.findVariable (file:///C:
/Users/Tech/Desktop/Internship/tutorConnect/tu/tu
torconnect/frontend/node_modules/rollup/dist/es/s
hared/node-entry.js:5676:38)
    at Identifier.bind (file:///C:/Users/Tech/Des
ktop/Internship/tutorConnect/tu/tutorconnect/fron
tend/node_modules/rollup/dist/es/shared/node-entr
y.js:5450:40)[39m
